Jul 16 05:31:55 server systemd[1]: Starting lightdm.service - Light Display Manager...
Jul 16 05:32:08 server systemd[1]: Started lightdm.service - Light Display Manager.
Jul 16 05:32:57 server lightdm[1832]: pam_unix(lightdm-autologin:session): session opened for user calendar-display(uid=1001) by (uid=0)
Jul 16 05:52:30 server systemd[1]: Stopping lightdm.service - Light Display Manager...
Jul 16 05:52:30 server systemd[1]: lightdm.service: Deactivated successfully.
Jul 16 05:52:30 server systemd[1]: Stopped lightdm.service - Light Display Manager.
Jul 16 05:52:30 server systemd[1]: lightdm.service: Consumed 1.853s CPU time, 186.5M memory peak, 0B memory swap peak.
Jul 16 05:52:30 server systemd[1]: Starting lightdm.service - Light Display Manager...
Jul 16 05:52:30 server systemd[1]: Started lightdm.service - Light Display Manager.
Jul 16 05:52:31 server lightdm[28303]: pam_unix(lightdm-autologin:session): session opened for user calendar-display(uid=1001) by (uid=0)
Jul 16 16:33:53 server systemd[1]: Stopping lightdm.service - Light Display Manager...
Jul 16 16:33:58 server systemd[1]: lightdm.service: Deactivated successfully.
Jul 16 16:33:58 server systemd[1]: Stopped lightdm.service - Light Display Manager.
Jul 16 16:33:58 server systemd[1]: lightdm.service: Consumed 1h 17min 1.194s CPU time, 103.2M memory peak, 4.5M memory swap peak.
Jul 16 16:33:58 server systemd[1]: Starting lightdm.service - Light Display Manager...
Jul 16 16:33:58 server systemd[1]: Started lightdm.service - Light Display Manager.
Jul 16 16:34:04 server lightdm[703448]: pam_unix(lightdm-autologin:session): session opened for user calendar-display(uid=1001) by (uid=0)
Jul 16 16:44:53 server systemd[1]: Stopping lightdm.service - Light Display Manager...
Jul 16 16:44:53 server systemd[1]: lightdm.service: Deactivated successfully.
Jul 16 16:44:53 server systemd[1]: Stopped lightdm.service - Light Display Manager.
Jul 16 16:44:53 server systemd[1]: lightdm.service: Consumed 1min 20.339s CPU time.
Jul 16 16:44:54 server systemd[1]: Starting lightdm.service - Light Display Manager...
Jul 16 16:44:54 server systemd[1]: Started lightdm.service - Light Display Manager.
Jul 16 16:44:55 server lightdm[715532]: pam_unix(lightdm-autologin:session): session opened for user calendar-display(uid=1001) by (uid=0)
Jul 16 16:51:14 server systemd[1]: Stopping lightdm.service - Light Display Manager...
Jul 16 16:51:14 server systemd[1]: lightdm.service: Deactivated successfully.
Jul 16 16:51:14 server systemd[1]: Stopped lightdm.service - Light Display Manager.
Jul 16 16:51:14 server systemd[1]: lightdm.service: Consumed 50.202s CPU time.
Jul 16 16:51:15 server systemd[1]: Starting lightdm.service - Light Display Manager...
Jul 16 16:51:15 server systemd[1]: Started lightdm.service - Light Display Manager.
Jul 16 16:51:16 server lightdm[722573]: pam_unix(lightdm-autologin:session): session opened for user calendar-display(uid=1001) by (uid=0)
Jul 16 16:59:30 server systemd[1]: Stopping lightdm.service - Light Display Manager...
Jul 16 16:59:30 server systemd[1]: lightdm.service: Deactivated successfully.
Jul 16 16:59:30 server systemd[1]: Stopped lightdm.service - Light Display Manager.
Jul 16 16:59:30 server systemd[1]: lightdm.service: Consumed 1min 3.740s CPU time.
Jul 16 16:59:30 server systemd[1]: Starting lightdm.service - Light Display Manager...
Jul 16 16:59:31 server systemd[1]: Started lightdm.service - Light Display Manager.
Jul 16 16:59:32 server lightdm[732860]: pam_unix(lightdm-autologin:session): session opened for user calendar-display(uid=1001) by (uid=0)
Jul 16 17:10:24 server systemd[1]: Stopping lightdm.service - Light Display Manager...
Jul 16 17:10:24 server systemd[1]: lightdm.service: Deactivated successfully.
Jul 16 17:10:24 server systemd[1]: Stopped lightdm.service - Light Display Manager.
Jul 16 17:10:24 server systemd[1]: lightdm.service: Consumed 1min 20.103s CPU time.
Jul 16 17:10:24 server systemd[1]: Starting lightdm.service - Light Display Manager...
Jul 16 17:10:24 server systemd[1]: Started lightdm.service - Light Display Manager.
Jul 16 17:10:26 server lightdm[744728]: pam_unix(lightdm-autologin:session): session opened for user calendar-display(uid=1001) by (uid=0)
Jul 16 17:24:38 server systemd[1]: Stopping lightdm.service - Light Display Manager...
Jul 16 17:24:38 server systemd[1]: lightdm.service: Deactivated successfully.
Jul 16 17:24:38 server systemd[1]: Stopped lightdm.service - Light Display Manager.
Jul 16 17:24:38 server systemd[1]: lightdm.service: Consumed 1min 44.965s CPU time.
Jul 16 17:24:38 server systemd[1]: Starting lightdm.service - Light Display Manager...
Jul 16 17:24:38 server systemd[1]: Started lightdm.service - Light Display Manager.
Jul 16 17:24:39 server lightdm[760112]: pam_unix(lightdm-autologin:session): session opened for user calendar-display(uid=1001) by (uid=0)
Jul 16 17:39:48 server systemd[1]: Stopping lightdm.service - Light Display Manager...
Jul 16 17:39:48 server systemd[1]: lightdm.service: Deactivated successfully.
Jul 16 17:39:48 server systemd[1]: Stopped lightdm.service - Light Display Manager.
Jul 16 17:39:48 server systemd[1]: lightdm.service: Consumed 1min 49.020s CPU time.
Jul 16 17:39:48 server systemd[1]: Starting lightdm.service - Light Display Manager...
Jul 16 17:39:49 server systemd[1]: Started lightdm.service - Light Display Manager.
Jul 16 17:39:50 server lightdm[776407]: pam_unix(lightdm-autologin:session): session opened for user calendar-display(uid=1001) by (uid=0)
Jul 16 18:20:53 server systemd[1]: Stopping lightdm.service - Light Display Manager...
Jul 16 18:20:53 server systemd[1]: lightdm.service: Deactivated successfully.
Jul 16 18:20:53 server systemd[1]: Stopped lightdm.service - Light Display Manager.
Jul 16 18:20:53 server systemd[1]: lightdm.service: Consumed 4min 59.990s CPU time.
Jul 16 18:20:53 server systemd[1]: Starting lightdm.service - Light Display Manager...
Jul 16 18:20:53 server systemd[1]: Started lightdm.service - Light Display Manager.
Jul 16 18:20:54 server lightdm[820042]: pam_unix(lightdm-autologin:session): session opened for user calendar-display(uid=1001) by (uid=0)
Jul 16 18:22:04 server systemd[1]: Stopping lightdm.service - Light Display Manager...
Jul 16 18:22:05 server systemd[1]: lightdm.service: Deactivated successfully.
Jul 16 18:22:05 server systemd[1]: Stopped lightdm.service - Light Display Manager.
Jul 16 18:22:05 server systemd[1]: lightdm.service: Consumed 7.890s CPU time.
Jul 16 18:22:05 server systemd[1]: Starting lightdm.service - Light Display Manager...
Jul 16 18:22:05 server systemd[1]: Started lightdm.service - Light Display Manager.
Jul 16 18:22:07 server lightdm[821952]: pam_unix(lightdm-autologin:session): session opened for user calendar-display(uid=1001) by (uid=0)
Jul 16 18:24:49 server systemd[1]: Stopping lightdm.service - Light Display Manager...
Jul 16 18:24:49 server systemd[1]: lightdm.service: Deactivated successfully.
Jul 16 18:24:49 server systemd[1]: Stopped lightdm.service - Light Display Manager.
Jul 16 18:24:49 server systemd[1]: lightdm.service: Consumed 19.255s CPU time.
Jul 16 18:24:49 server systemd[1]: Starting lightdm.service - Light Display Manager...
Jul 16 18:24:49 server systemd[1]: Started lightdm.service - Light Display Manager.
Jul 16 18:24:50 server lightdm[825238]: pam_unix(lightdm-autologin:session): session opened for user calendar-display(uid=1001) by (uid=0)
Jul 16 18:42:14 server systemd[1]: Stopping lightdm.service - Light Display Manager...
Jul 16 18:42:14 server systemd[1]: lightdm.service: Deactivated successfully.
Jul 16 18:42:14 server systemd[1]: Stopped lightdm.service - Light Display Manager.
Jul 16 18:42:14 server systemd[1]: lightdm.service: Consumed 2min 7.522s CPU time.
Jul 16 18:42:14 server systemd[1]: Starting lightdm.service - Light Display Manager...
Jul 16 18:42:14 server systemd[1]: Started lightdm.service - Light Display Manager.
Jul 16 18:42:15 server lightdm[843815]: pam_unix(lightdm-autologin:session): session opened for user calendar-display(uid=1001) by (uid=0)
Jul 16 18:58:38 server systemd[1]: Stopping lightdm.service - Light Display Manager...
Jul 16 18:58:38 server systemd[1]: lightdm.service: Deactivated successfully.
Jul 16 18:58:38 server systemd[1]: Stopped lightdm.service - Light Display Manager.
Jul 16 18:58:38 server systemd[1]: lightdm.service: Consumed 2min 125ms CPU time.
Jul 16 18:58:38 server systemd[1]: Starting lightdm.service - Light Display Manager...
Jul 16 18:58:38 server systemd[1]: Started lightdm.service - Light Display Manager.
Jul 16 18:58:39 server lightdm[861583]: pam_unix(lightdm-autologin:session): session opened for user calendar-display(uid=1001) by (uid=0)
Jul 16 21:34:34 server systemd[1]: Stopping lightdm.service - Light Display Manager...
Jul 16 21:34:35 server systemd[1]: lightdm.service: Deactivated successfully.
Jul 16 21:34:35 server systemd[1]: Stopped lightdm.service - Light Display Manager.
Jul 16 21:34:35 server systemd[1]: lightdm.service: Consumed 19min 7.504s CPU time, 103.5M memory peak, 0B memory swap peak.
Jul 16 21:34:35 server systemd[1]: Starting lightdm.service - Light Display Manager...
Jul 16 21:34:35 server systemd[1]: Started lightdm.service - Light Display Manager.
Jul 16 21:34:37 server lightdm[1026204]: pam_unix(lightdm-autologin:session): session opened for user calendar-display(uid=1001) by (uid=0)
Jul 16 21:44:29 server systemd[1]: Stopping lightdm.service - Light Display Manager...
Jul 16 21:44:29 server systemd[1]: lightdm.service: Deactivated successfully.
Jul 16 21:44:29 server systemd[1]: Stopped lightdm.service - Light Display Manager.
Jul 16 21:44:29 server systemd[1]: lightdm.service: Consumed 1min 11.537s CPU time.
Jul 16 21:44:29 server systemd[1]: Starting lightdm.service - Light Display Manager...
Jul 16 21:44:29 server systemd[1]: Started lightdm.service - Light Display Manager.
Jul 16 21:44:30 server lightdm[1037228]: pam_unix(lightdm-autologin:session): session opened for user calendar-display(uid=1001) by (uid=0)
Jul 16 21:50:49 server systemd[1]: Stopping lightdm.service - Light Display Manager...
Jul 16 21:50:49 server systemd[1]: lightdm.service: Deactivated successfully.
Jul 16 21:50:49 server systemd[1]: Stopped lightdm.service - Light Display Manager.
Jul 16 21:50:49 server systemd[1]: lightdm.service: Consumed 46.090s CPU time.
Jul 16 21:50:49 server systemd[1]: Starting lightdm.service - Light Display Manager...
Jul 16 21:50:49 server systemd[1]: Started lightdm.service - Light Display Manager.
Jul 16 21:50:50 server lightdm[1044400]: pam_unix(lightdm-autologin:session): session opened for user calendar-display(uid=1001) by (uid=0)
Jul 16 21:51:30 server systemd[1]: Stopping lightdm.service - Light Display Manager...
Jul 16 21:51:30 server systemd[1]: lightdm.service: Deactivated successfully.
Jul 16 21:51:30 server systemd[1]: Stopped lightdm.service - Light Display Manager.
Jul 16 21:51:30 server systemd[1]: lightdm.service: Consumed 4.157s CPU time.
Jul 16 21:51:31 server systemd[1]: Starting lightdm.service - Light Display Manager...
Jul 16 21:51:31 server systemd[1]: Started lightdm.service - Light Display Manager.
Jul 16 21:51:32 server lightdm[1045528]: pam_unix(lightdm-autologin:session): session opened for user calendar-display(uid=1001) by (uid=0)
Jul 16 21:56:55 server systemd[1]: Stopping lightdm.service - Light Display Manager...
Jul 16 21:56:55 server systemd[1]: lightdm.service: Deactivated successfully.
Jul 16 21:56:55 server systemd[1]: Stopped lightdm.service - Light Display Manager.
Jul 16 21:56:55 server systemd[1]: lightdm.service: Consumed 39.459s CPU time.
Jul 16 21:56:55 server systemd[1]: Starting lightdm.service - Light Display Manager...
Jul 16 21:56:55 server systemd[1]: Started lightdm.service - Light Display Manager.
Jul 16 21:56:56 server lightdm[1051738]: pam_unix(lightdm-autologin:session): session opened for user calendar-display(uid=1001) by (uid=0)
Jul 16 22:47:52 server systemd[1]: Stopping lightdm.service - Light Display Manager...
Jul 16 22:47:52 server systemd[1]: lightdm.service: Deactivated successfully.
Jul 16 22:47:52 server systemd[1]: Stopped lightdm.service - Light Display Manager.
Jul 16 22:47:52 server systemd[1]: lightdm.service: Consumed 6min 16.287s CPU time.
Jul 16 22:47:52 server systemd[1]: Starting lightdm.service - Light Display Manager...
Jul 16 22:47:52 server systemd[1]: Started lightdm.service - Light Display Manager.
Jul 16 22:47:54 server lightdm[1105345]: pam_unix(lightdm-autologin:session): session opened for user calendar-display(uid=1001) by (uid=0)
Jul 16 22:54:41 server systemd[1]: Stopping lightdm.service - Light Display Manager...
Jul 16 22:54:41 server systemd[1]: lightdm.service: Deactivated successfully.
Jul 16 22:54:41 server systemd[1]: Stopped lightdm.service - Light Display Manager.
Jul 16 22:54:41 server systemd[1]: lightdm.service: Consumed 51.336s CPU time.
Jul 16 22:54:41 server systemd[1]: Starting lightdm.service - Light Display Manager...
Jul 16 22:54:41 server systemd[1]: Started lightdm.service - Light Display Manager.
Jul 16 22:54:42 server lightdm[1112966]: pam_unix(lightdm-autologin:session): session opened for user calendar-display(uid=1001) by (uid=0)
Jul 16 22:58:54 server systemd[1]: Stopping lightdm.service - Light Display Manager...
Jul 16 22:58:54 server systemd[1]: lightdm.service: Deactivated successfully.
Jul 16 22:58:54 server systemd[1]: Stopped lightdm.service - Light Display Manager.
Jul 16 22:58:54 server systemd[1]: lightdm.service: Consumed 31.101s CPU time.
Jul 16 22:58:54 server systemd[1]: Starting lightdm.service - Light Display Manager...
Jul 16 22:58:54 server systemd[1]: Started lightdm.service - Light Display Manager.
Jul 16 22:58:55 server lightdm[1117798]: pam_unix(lightdm-autologin:session): session opened for user calendar-display(uid=1001) by (uid=0)
Jul 16 23:07:41 server systemd[1]: Stopping lightdm.service - Light Display Manager...
Jul 16 23:07:41 server systemd[1]: lightdm.service: Deactivated successfully.
Jul 16 23:07:41 server systemd[1]: Stopped lightdm.service - Light Display Manager.
Jul 16 23:07:41 server systemd[1]: lightdm.service: Consumed 1min 6.409s CPU time.
Jul 16 23:07:41 server systemd[1]: Starting lightdm.service - Light Display Manager...
Jul 16 23:07:41 server systemd[1]: Started lightdm.service - Light Display Manager.
Jul 16 23:07:43 server lightdm[1127646]: pam_unix(lightdm-autologin:session): session opened for user calendar-display(uid=1001) by (uid=0)
Jul 16 23:13:59 server systemd[1]: Stopping lightdm.service - Light Display Manager...
Jul 16 23:14:00 server systemd[1]: lightdm.service: Deactivated successfully.
Jul 16 23:14:00 server systemd[1]: Stopped lightdm.service - Light Display Manager.
Jul 16 23:14:00 server systemd[1]: lightdm.service: Consumed 47.470s CPU time, 104.5M memory peak, 0B memory swap peak.
Jul 16 23:14:01 server systemd[1]: Starting lightdm.service - Light Display Manager...
Jul 16 23:14:02 server systemd[1]: Started lightdm.service - Light Display Manager.
Jul 16 23:14:04 server lightdm[1136240]: pam_unix(lightdm-autologin:session): session opened for user calendar-display(uid=1001) by (uid=0)
Jul 16 23:44:32 server systemd[1]: Stopping lightdm.service - Light Display Manager...
Jul 16 23:44:32 server systemd[1]: lightdm.service: Deactivated successfully.
Jul 16 23:44:32 server systemd[1]: Stopped lightdm.service - Light Display Manager.
Jul 16 23:44:32 server systemd[1]: lightdm.service: Consumed 3min 53.045s CPU time.
Jul 16 23:44:32 server systemd[1]: Starting lightdm.service - Light Display Manager...
Jul 16 23:44:32 server systemd[1]: Started lightdm.service - Light Display Manager.
Jul 16 23:44:34 server lightdm[1176751]: pam_unix(lightdm-autologin:session): session opened for user calendar-display(uid=1001) by (uid=0)
Jul 16 23:56:58 server systemd[1]: Stopping lightdm.service - Light Display Manager...
Jul 16 23:56:58 server systemd[1]: lightdm.service: Deactivated successfully.
Jul 16 23:56:58 server systemd[1]: Stopped lightdm.service - Light Display Manager.
Jul 16 23:56:58 server systemd[1]: lightdm.service: Consumed 1min 33.899s CPU time.
Jul 16 23:56:58 server systemd[1]: Starting lightdm.service - Light Display Manager...
Jul 16 23:56:58 server systemd[1]: Started lightdm.service - Light Display Manager.
Jul 16 23:56:59 server lightdm[1190321]: pam_unix(lightdm-autologin:session): session opened for user calendar-display(uid=1001) by (uid=0)
Jul 17 00:06:46 server systemd[1]: Stopping lightdm.service - Light Display Manager...
Jul 17 00:06:46 server systemd[1]: lightdm.service: Deactivated successfully.
Jul 17 00:06:46 server systemd[1]: Stopped lightdm.service - Light Display Manager.
Jul 17 00:06:46 server systemd[1]: lightdm.service: Consumed 1min 13.660s CPU time.
Jul 17 00:06:47 server systemd[1]: Starting lightdm.service - Light Display Manager...
Jul 17 00:06:48 server systemd[1]: Started lightdm.service - Light Display Manager.
Jul 17 00:06:54 server lightdm[1201541]: pam_unix(lightdm-autologin:session): session opened for user calendar-display(uid=1001) by (uid=0)
Jul 17 00:06:57 server systemd[1]: Stopping lightdm.service - Light Display Manager...
Jul 17 00:06:57 server systemd[1]: lightdm.service: Deactivated successfully.
Jul 17 00:06:57 server systemd[1]: Stopped lightdm.service - Light Display Manager.
Jul 17 00:06:57 server systemd[1]: Starting lightdm.service - Light Display Manager...
Jul 17 00:06:57 server systemd[1]: Started lightdm.service - Light Display Manager.
Jul 17 00:06:58 server lightdm[1201938]: pam_unix(lightdm-autologin:session): session opened for user calendar-display(uid=1001) by (uid=0)
Jul 17 00:15:20 server systemd[1]: Stopping lightdm.service - Light Display Manager...
Jul 17 00:15:20 server systemd[1]: lightdm.service: Deactivated successfully.
Jul 17 00:15:20 server systemd[1]: Stopped lightdm.service - Light Display Manager.
Jul 17 00:15:20 server systemd[1]: lightdm.service: Consumed 1min 2.633s CPU time.
Jul 17 00:15:21 server systemd[1]: Starting lightdm.service - Light Display Manager...
Jul 17 00:15:21 server systemd[1]: Started lightdm.service - Light Display Manager.
Jul 17 00:15:23 server lightdm[1211726]: pam_unix(lightdm-autologin:session): session opened for user calendar-display(uid=1001) by (uid=0)
Jul 17 00:32:58 server systemd[1]: Stopping lightdm.service - Light Display Manager...
Jul 17 00:33:00 server systemd[1]: lightdm.service: Deactivated successfully.
Jul 17 00:33:00 server systemd[1]: Stopped lightdm.service - Light Display Manager.
Jul 17 00:33:00 server systemd[1]: lightdm.service: Consumed 2min 12.189s CPU time, 104.5M memory peak, 0B memory swap peak.
Jul 17 00:33:04 server systemd[1]: Starting lightdm.service - Light Display Manager...
Jul 17 00:33:04 server chronyc[1232237]: try: 1, refid: 84A36002, correction: 0.000276660, skew: 0.538
Jul 17 00:33:06 server systemd[1]: Started lightdm.service - Light Display Manager.
Jul 17 00:33:31 server lightdm[1232886]: pam_unix(lightdm-autologin:session): session opened for user calendar-display(uid=1001) by (uid=0)
Jul 17 00:37:26 server systemd[1]: Stopping lightdm.service - Light Display Manager...
Jul 17 00:37:26 server systemd[1]: lightdm.service: Deactivated successfully.
Jul 17 00:37:26 server systemd[1]: Stopped lightdm.service - Light Display Manager.
Jul 17 00:37:26 server systemd[1]: lightdm.service: Consumed 29.435s CPU time, 114.7M memory peak, 0B memory swap peak.
Jul 17 00:37:27 server systemd[1]: Starting lightdm.service - Light Display Manager...
Jul 17 00:37:27 server systemd[1]: Started lightdm.service - Light Display Manager.
Jul 17 00:37:29 server lightdm[1237665]: pam_unix(lightdm-autologin:session): session opened for user calendar-display(uid=1001) by (uid=0)
Jul 17 00:56:23 server systemd[1]: Stopping lightdm.service - Light Display Manager...
Jul 17 00:56:23 server systemd[1]: lightdm.service: Deactivated successfully.
Jul 17 00:56:23 server systemd[1]: Stopped lightdm.service - Light Display Manager.
Jul 17 00:56:23 server systemd[1]: lightdm.service: Consumed 2min 22.228s CPU time, 107.0M memory peak, 0B memory swap peak.
Jul 17 00:56:23 server systemd[1]: Starting lightdm.service - Light Display Manager...
Jul 17 00:56:23 server systemd[1]: Started lightdm.service - Light Display Manager.
Jul 17 00:56:25 server lightdm[1257858]: pam_unix(lightdm-autologin:session): session opened for user calendar-display(uid=1001) by (uid=0)
Jul 17 01:07:55 server systemd[1]: Stopping lightdm.service - Light Display Manager...
Jul 17 01:07:55 server systemd[1]: lightdm.service: Deactivated successfully.
Jul 17 01:07:55 server systemd[1]: Stopped lightdm.service - Light Display Manager.
Jul 17 01:07:55 server systemd[1]: lightdm.service: Consumed 1min 26.264s CPU time.
Jul 17 01:07:55 server systemd[1]: Starting lightdm.service - Light Display Manager...
Jul 17 01:07:55 server systemd[1]: Started lightdm.service - Light Display Manager.
Jul 17 01:07:56 server lightdm[1270374]: pam_unix(lightdm-autologin:session): session opened for user calendar-display(uid=1001) by (uid=0)
Jul 17 01:44:07 server systemd[1]: Stopping lightdm.service - Light Display Manager...
Jul 17 01:44:07 server systemd[1]: lightdm.service: Deactivated successfully.
Jul 17 01:44:07 server systemd[1]: Stopped lightdm.service - Light Display Manager.
Jul 17 01:44:07 server systemd[1]: lightdm.service: Consumed 4min 32.435s CPU time, 103.3M memory peak, 0B memory swap peak.
Jul 17 01:44:07 server systemd[1]: Starting lightdm.service - Light Display Manager...
Jul 17 01:44:08 server systemd[1]: Started lightdm.service - Light Display Manager.
Jul 17 01:44:10 server lightdm[1396199]: pam_unix(lightdm-autologin:session): session opened for user calendar-display(uid=1001) by (uid=0)
Jul 17 02:25:41 server systemd[1]: Stopping lightdm.service - Light Display Manager...
Jul 17 02:25:41 server systemd[1]: lightdm.service: Deactivated successfully.
Jul 17 02:25:41 server systemd[1]: Stopped lightdm.service - Light Display Manager.
Jul 17 02:25:41 server systemd[1]: lightdm.service: Consumed 5min 13.589s CPU time.
Jul 17 02:25:43 server systemd[1]: Starting lightdm.service - Light Display Manager...
Jul 17 02:25:43 server systemd[1]: Started lightdm.service - Light Display Manager.
Jul 17 02:25:44 server lightdm[1439845]: pam_unix(lightdm-autologin:session): session opened for user calendar-display(uid=1001) by (uid=0)
Jul 17 02:31:30 server systemd[1]: Stopping lightdm.service - Light Display Manager...
Jul 17 02:31:31 server systemd[1]: lightdm.service: Deactivated successfully.
Jul 17 02:31:31 server systemd[1]: Stopped lightdm.service - Light Display Manager.
Jul 17 02:31:31 server systemd[1]: lightdm.service: Consumed 42.029s CPU time.
Jul 17 02:31:31 server systemd[1]: Starting lightdm.service - Light Display Manager...
Jul 17 02:31:31 server systemd[1]: Started lightdm.service - Light Display Manager.
Jul 17 02:31:33 server lightdm[1446685]: pam_unix(lightdm-autologin:session): session opened for user calendar-display(uid=1001) by (uid=0)
Jul 17 02:37:00 server systemd[1]: Stopping lightdm.service - Light Display Manager...
Jul 17 02:37:00 server systemd[1]: lightdm.service: Deactivated successfully.
Jul 17 02:37:00 server systemd[1]: Stopped lightdm.service - Light Display Manager.
Jul 17 02:37:00 server systemd[1]: lightdm.service: Consumed 40.752s CPU time.
Jul 17 02:37:01 server systemd[1]: Starting lightdm.service - Light Display Manager...
Jul 17 02:37:01 server systemd[1]: Started lightdm.service - Light Display Manager.
Jul 17 02:37:02 server lightdm[1452927]: pam_unix(lightdm-autologin:session): session opened for user calendar-display(uid=1001) by (uid=0)
Jul 17 02:55:40 server systemd[1]: Stopping lightdm.service - Light Display Manager...
Jul 17 02:55:40 server systemd[1]: lightdm.service: Deactivated successfully.
Jul 17 02:55:40 server systemd[1]: Stopped lightdm.service - Light Display Manager.
Jul 17 02:55:40 server systemd[1]: lightdm.service: Consumed 2min 20.496s CPU time.
Jul 17 02:55:40 server systemd[1]: Starting lightdm.service - Light Display Manager...
Jul 17 02:55:41 server systemd[1]: Started lightdm.service - Light Display Manager.
Jul 17 02:55:43 server lightdm[1473663]: pam_unix(lightdm-autologin:session): session opened for user calendar-display(uid=1001) by (uid=0)
Jul 17 03:05:29 server systemd[1]: Stopping lightdm.service - Light Display Manager...
Jul 17 03:05:30 server systemd[1]: lightdm.service: Deactivated successfully.
Jul 17 03:05:30 server systemd[1]: Stopped lightdm.service - Light Display Manager.
Jul 17 03:05:30 server systemd[1]: lightdm.service: Consumed 1min 28.071s CPU time.
Jul 17 03:05:30 server systemd[1]: Starting lightdm.service - Light Display Manager...
Jul 17 03:05:30 server systemd[1]: Started lightdm.service - Light Display Manager.
Jul 17 03:05:31 server lightdm[1486717]: pam_unix(lightdm-autologin:session): session opened for user calendar-display(uid=1001) by (uid=0)
Jul 17 03:07:34 server systemd[1]: Stopping lightdm.service - Light Display Manager...
Jul 17 03:07:34 server systemd[1]: lightdm.service: Deactivated successfully.
Jul 17 03:07:34 server systemd[1]: Stopped lightdm.service - Light Display Manager.
Jul 17 03:07:34 server systemd[1]: lightdm.service: Consumed 15.241s CPU time.
Jul 17 03:07:34 server systemd[1]: Starting lightdm.service - Light Display Manager...
Jul 17 03:07:34 server systemd[1]: Started lightdm.service - Light Display Manager.
Jul 17 03:07:36 server lightdm[1489754]: pam_unix(lightdm-autologin:session): session opened for user calendar-display(uid=1001) by (uid=0)
Jul 17 03:15:39 server systemd[1]: Stopping lightdm.service - Light Display Manager...
Jul 17 03:15:39 server systemd[1]: lightdm.service: Deactivated successfully.
Jul 17 03:15:39 server systemd[1]: Stopped lightdm.service - Light Display Manager.
Jul 17 03:15:39 server systemd[1]: lightdm.service: Consumed 1min 11.632s CPU time.
Jul 17 03:15:39 server systemd[1]: Starting lightdm.service - Light Display Manager...
Jul 17 03:15:39 server systemd[1]: Started lightdm.service - Light Display Manager.
Jul 17 03:15:41 server lightdm[1500680]: pam_unix(lightdm-autologin:session): session opened for user calendar-display(uid=1001) by (uid=0)
Jul 17 03:21:06 server systemd[1]: Stopping lightdm.service - Light Display Manager...
Jul 17 03:21:07 server systemd[1]: lightdm.service: Deactivated successfully.
Jul 17 03:21:07 server systemd[1]: Stopped lightdm.service - Light Display Manager.
Jul 17 03:21:07 server systemd[1]: lightdm.service: Consumed 48.186s CPU time.
Jul 17 03:21:07 server systemd[1]: Starting lightdm.service - Light Display Manager...
Jul 17 03:21:07 server systemd[1]: Started lightdm.service - Light Display Manager.
Jul 17 03:21:09 server lightdm[1508421]: pam_unix(lightdm-autologin:session): session opened for user calendar-display(uid=1001) by (uid=0)
Jul 17 03:27:06 server systemd[1]: Stopping lightdm.service - Light Display Manager...
Jul 17 03:27:06 server systemd[1]: lightdm.service: Deactivated successfully.
Jul 17 03:27:06 server systemd[1]: Stopped lightdm.service - Light Display Manager.
Jul 17 03:27:06 server systemd[1]: lightdm.service: Consumed 52.541s CPU time.
Jul 17 03:27:06 server systemd[1]: Starting lightdm.service - Light Display Manager...
Jul 17 03:27:07 server systemd[1]: Started lightdm.service - Light Display Manager.
Jul 17 03:27:08 server lightdm[1516659]: pam_unix(lightdm-autologin:session): session opened for user calendar-display(uid=1001) by (uid=0)
Jul 17 03:27:13 server systemd[1]: Stopping lightdm.service - Light Display Manager...
Jul 17 03:27:13 server systemd[1]: lightdm.service: Deactivated successfully.
Jul 17 03:27:13 server systemd[1]: Stopped lightdm.service - Light Display Manager.
Jul 17 03:27:13 server systemd[1]: lightdm.service: Consumed 1.102s CPU time.
Jul 17 03:27:14 server systemd[1]: Starting lightdm.service - Light Display Manager...
Jul 17 03:27:14 server systemd[1]: Started lightdm.service - Light Display Manager.
Jul 17 03:27:15 server lightdm[1517153]: pam_unix(lightdm-autologin:session): session opened for user calendar-display(uid=1001) by (uid=0)
Jul 17 03:33:02 server systemd[1]: Stopping lightdm.service - Light Display Manager...
Jul 17 03:33:02 server systemd[1]: lightdm.service: Deactivated successfully.
Jul 17 03:33:02 server systemd[1]: Stopped lightdm.service - Light Display Manager.
Jul 17 03:33:02 server systemd[1]: lightdm.service: Consumed 50.976s CPU time.
Jul 17 03:33:02 server systemd[1]: Starting lightdm.service - Light Display Manager...
Jul 17 03:33:02 server systemd[1]: Started lightdm.service - Light Display Manager.
Jul 17 03:33:04 server lightdm[1525100]: pam_unix(lightdm-autologin:session): session opened for user calendar-display(uid=1001) by (uid=0)
Jul 17 03:34:51 server systemd[1]: Stopping lightdm.service - Light Display Manager...
Jul 17 03:34:52 server systemd[1]: lightdm.service: Deactivated successfully.
Jul 17 03:34:52 server systemd[1]: Stopped lightdm.service - Light Display Manager.
Jul 17 03:34:52 server systemd[1]: lightdm.service: Consumed 21.654s CPU time.
Jul 17 03:34:52 server systemd[1]: Starting lightdm.service - Light Display Manager...
Jul 17 03:34:52 server systemd[1]: Started lightdm.service - Light Display Manager.
Jul 17 03:34:53 server lightdm[1527478]: pam_unix(lightdm-autologin:session): session opened for user calendar-display(uid=1001) by (uid=0)
Jul 17 03:48:41 server systemd[1]: Stopping lightdm.service - Light Display Manager...
Jul 17 03:48:41 server systemd[1]: lightdm.service: Deactivated successfully.
Jul 17 03:48:41 server systemd[1]: Stopped lightdm.service - Light Display Manager.
Jul 17 03:48:41 server systemd[1]: lightdm.service: Consumed 2min 3.221s CPU time.
Jul 17 03:48:41 server systemd[1]: Starting lightdm.service - Light Display Manager...
Jul 17 03:48:41 server systemd[1]: Started lightdm.service - Light Display Manager.
Jul 17 03:48:43 server lightdm[1544997]: pam_unix(lightdm-autologin:session): session opened for user calendar-display(uid=1001) by (uid=0)
Jul 17 05:07:01 server systemd[1]: Stopping lightdm.service - Light Display Manager...
Jul 17 05:07:01 server systemd[1]: lightdm.service: Deactivated successfully.
Jul 17 05:07:01 server systemd[1]: Stopped lightdm.service - Light Display Manager.
Jul 17 05:07:01 server systemd[1]: lightdm.service: Consumed 11min 46.347s CPU time.
Jul 17 05:07:02 server systemd[1]: Starting lightdm.service - Light Display Manager...
Jul 17 05:07:02 server systemd[1]: Started lightdm.service - Light Display Manager.
Jul 17 05:07:04 server lightdm[1643404]: pam_unix(lightdm-autologin:session): session opened for user calendar-display(uid=1001) by (uid=0)
Jul 17 05:13:28 server systemd[1]: Stopping lightdm.service - Light Display Manager...
Jul 17 05:13:28 server systemd[1]: lightdm.service: Deactivated successfully.
Jul 17 05:13:28 server systemd[1]: Stopped lightdm.service - Light Display Manager.
Jul 17 05:13:28 server systemd[1]: lightdm.service: Consumed 57.575s CPU time.
Jul 17 05:13:29 server systemd[1]: Starting lightdm.service - Light Display Manager...
Jul 17 05:13:29 server systemd[1]: Started lightdm.service - Light Display Manager.
Jul 17 05:13:32 server lightdm[1651921]: pam_unix(lightdm-autologin:session): session opened for user calendar-display(uid=1001) by (uid=0)
Jul 17 14:36:50 server systemd[1]: Stopping lightdm.service - Light Display Manager...
Jul 17 14:36:51 server systemd[1]: lightdm.service: Deactivated successfully.
Jul 17 14:36:51 server systemd[1]: Stopped lightdm.service - Light Display Manager.
Jul 17 14:36:51 server systemd[1]: lightdm.service: Consumed 1h 24min 21.190s CPU time, 285.0M memory peak, 0B memory swap peak.
Jul 17 14:36:52 server systemd[1]: Starting lightdm.service - Light Display Manager...
Jul 17 14:36:53 server systemd[1]: Started lightdm.service - Light Display Manager.
Jul 17 14:36:58 server lightdm[2358915]: pam_unix(lightdm-autologin:session): session opened for user calendar-display(uid=1001) by (uid=0)
Jul 17 17:50:48 server systemd[1]: Stopping lightdm.service - Light Display Manager...
Jul 17 17:50:49 server systemd[1]: lightdm.service: Deactivated successfully.
Jul 17 17:50:49 server systemd[1]: Stopped lightdm.service - Light Display Manager.
Jul 17 17:50:49 server systemd[1]: lightdm.service: Consumed 28min 55.661s CPU time.
Jul 17 17:50:49 server systemd[1]: Starting lightdm.service - Light Display Manager...
Jul 17 17:50:49 server systemd[1]: Started lightdm.service - Light Display Manager.
Jul 17 17:50:51 server lightdm[2597953]: pam_unix(lightdm-autologin:session): session opened for user calendar-display(uid=1001) by (uid=0)
